::1 - - [19/Jun/2026 10:35:40] "GET / HTTP/1.1" 200 -
::1 - - [19/Jun/2026 10:35:54] "GET / HTTP/1.1" 200 -
::1 - - [19/Jun/2026 10:35:55] "GET /flutter_bootstrap.js HTTP/1.1" 200 -
::1 - - [19/Jun/2026 10:35:55] "GET /main.dart.js HTTP/1.1" 200 -
::1 - - [19/Jun/2026 10:35:56] "GET /assets/FontManifest.json HTTP/1.1" 200 -
::1 - - [19/Jun/2026 10:35:56] "GET /assets/fonts/MaterialIcons-Regular.otf HTTP/1.1" 200 -
::1 - - [19/Jun/2026 10:35:56] "GET /assets/packages/cupertino_icons/assets/CupertinoIcons.ttf HTTP/1.1" 200 -
::1 - - [19/Jun/2026 10:35:56] "GET /assets/AssetManifest.bin.json HTTP/1.1" 200 -
::1 - - [19/Jun/2026 10:35:57] "GET /assets/assets/images/fix_now_general.png HTTP/1.1" 200 -
::1 - - [19/Jun/2026 10:35:57] "GET /assets/assets/images/fixnow_logo.png HTTP/1.1" 200 -
::1 - - [19/Jun/2026 10:36:39] "GET / HTTP/1.1" 200 -
::1 - - [19/Jun/2026 10:36:39] "GET /flutter_bootstrap.js HTTP/1.1" 200 -
::1 - - [19/Jun/2026 10:36:39] "GET /manifest.json HTTP/1.1" 200 -
::1 - - [19/Jun/2026 10:36:39] "GET /main.dart.js HTTP/1.1" 200 -
::1 - - [19/Jun/2026 10:36:39] "GET /favicon.png HTTP/1.1" 200 -
::1 - - [19/Jun/2026 10:36:39] "GET /icons/Icon-192.png HTTP/1.1" 200 -
::1 - - [19/Jun/2026 10:36:40] "GET /assets/FontManifest.json HTTP/1.1" 200 -
::1 - - [19/Jun/2026 10:36:40] "GET /assets/fonts/MaterialIcons-Regular.otf HTTP/1.1" 200 -
::1 - - [19/Jun/2026 10:36:40] "GET /assets/packages/cupertino_icons/assets/CupertinoIcons.ttf HTTP/1.1" 200 -
::1 - - [19/Jun/2026 10:36:40] "GET /assets/AssetManifest.bin.json HTTP/1.1" 200 -
::1 - - [19/Jun/2026 10:36:41] "GET /assets/assets/images/fix_now_general.png HTTP/1.1" 200 -
::1 - - [19/Jun/2026 10:36:41] "GET /assets/assets/images/fixnow_logo.png HTTP/1.1" 200 -
::1 - - [19/Jun/2026 10:36:58] "GET /assets/assets/images/ac.png HTTP/1.1" 200 -
::1 - - [19/Jun/2026 10:36:58] "GET /assets/assets/images/washing_machine.png HTTP/1.1" 200 -
::1 - - [19/Jun/2026 10:36:58] "GET /assets/assets/images/water_purifier.png HTTP/1.1" 200 -
::1 - - [19/Jun/2026 10:36:58] "GET /assets/assets/images/refrigerator.png HTTP/1.1" 200 -
::1 - - [19/Jun/2026 10:36:58] "GET /assets/assets/images/microwave.png HTTP/1.1" 200 -
::1 - - [19/Jun/2026 10:36:58] "GET /assets/assets/images/television.png HTTP/1.1" 200 -
::1 - - [19/Jun/2026 10:36:58] "GET /assets/assets/images/fan.png HTTP/1.1" 200 -
::1 - - [19/Jun/2026 10:36:58] "GET /assets/assets/images/other_services.png HTTP/1.1" 200 -
::1 - - [19/Jun/2026 10:37:09] code 404, message File not found
::1 - - [19/Jun/2026 10:37:09] "GET /.well-known/appspecific/com.chrome.devtools.json HTTP/1.1" 404 -
::1 - - [19/Jun/2026 10:37:10] code 404, message File not found
::1 - - [19/Jun/2026 10:37:10] "GET /flutter.js.map HTTP/1.1" 404 -
::1 - - [19/Jun/2026 11:16:42] "GET / HTTP/1.1" 200 -
::1 - - [19/Jun/2026 12:00:23] "GET / HTTP/1.1" 200 -
::1 - - [19/Jun/2026 12:00:24] "GET /flutter_bootstrap.js HTTP/1.1" 200 -
::1 - - [19/Jun/2026 12:00:24] "GET /main.dart.js HTTP/1.1" 200 -
::1 - - [19/Jun/2026 12:00:25] "GET /assets/FontManifest.json HTTP/1.1" 200 -
::1 - - [19/Jun/2026 12:00:25] "GET /assets/packages/cupertino_icons/assets/CupertinoIcons.ttf HTTP/1.1" 200 -
::1 - - [19/Jun/2026 12:00:25] "GET /assets/fonts/MaterialIcons-Regular.otf HTTP/1.1" 200 -
::1 - - [19/Jun/2026 12:00:25] "GET /assets/AssetManifest.bin.json HTTP/1.1" 200 -
::1 - - [19/Jun/2026 12:01:11] "GET / HTTP/1.1" 200 -
::1 - - [19/Jun/2026 12:01:11] "GET /flutter_bootstrap.js HTTP/1.1" 200 -
::1 - - [19/Jun/2026 12:01:12] "GET /main.dart.js HTTP/1.1" 200 -
::1 - - [19/Jun/2026 12:01:12] "GET /icons/Icon-192.png HTTP/1.1" 200 -
::1 - - [19/Jun/2026 12:01:12] "GET /assets/FontManifest.json HTTP/1.1" 200 -
::1 - - [19/Jun/2026 12:01:12] "GET /assets/fonts/MaterialIcons-Regular.otf HTTP/1.1" 200 -
::1 - - [19/Jun/2026 12:01:12] "GET /assets/packages/cupertino_icons/assets/CupertinoIcons.ttf HTTP/1.1" 200 -
::1 - - [19/Jun/2026 12:01:15] "GET /assets/AssetManifest.bin.json HTTP/1.1" 200 -
::1 - - [19/Jun/2026 12:01:16] "GET /assets/assets/images/fixnow_logo.png HTTP/1.1" 200 -
::1 - - [19/Jun/2026 12:01:16] "GET /assets/assets/images/fix_now_general.png HTTP/1.1" 200 -
::1 - - [19/Jun/2026 12:01:16] "GET /assets/assets/images/ac.png HTTP/1.1" 200 -
::1 - - [19/Jun/2026 12:01:16] "GET /assets/assets/images/washing_machine.png HTTP/1.1" 200 -
::1 - - [19/Jun/2026 12:01:16] "GET /assets/assets/images/water_purifier.png HTTP/1.1" 200 -
::1 - - [19/Jun/2026 12:01:16] "GET /assets/assets/images/refrigerator.png HTTP/1.1" 200 -
::1 - - [19/Jun/2026 12:01:16] "GET /assets/assets/images/microwave.png HTTP/1.1" 200 -
::1 - - [19/Jun/2026 12:01:16] "GET /assets/assets/images/television.png HTTP/1.1" 200 -
::1 - - [19/Jun/2026 12:01:16] "GET /assets/assets/images/fan.png HTTP/1.1" 200 -
::1 - - [19/Jun/2026 12:01:16] "GET /assets/assets/images/other_services.png HTTP/1.1" 200 -
::1 - - [19/Jun/2026 12:08:57] "GET / HTTP/1.1" 304 -
::1 - - [19/Jun/2026 12:08:58] "GET /flutter_bootstrap.js HTTP/1.1" 304 -
::1 - - [19/Jun/2026 12:08:59] "GET /main.dart.js HTTP/1.1" 304 -
::1 - - [19/Jun/2026 12:09:04] "GET /assets/FontManifest.json HTTP/1.1" 304 -
::1 - - [19/Jun/2026 12:09:05] "GET /assets/fonts/MaterialIcons-Regular.otf HTTP/1.1" 304 -
::1 - - [19/Jun/2026 12:09:05] "GET /assets/packages/cupertino_icons/assets/CupertinoIcons.ttf HTTP/1.1" 304 -
::1 - - [19/Jun/2026 12:09:58] "GET /assets/AssetManifest.bin.json HTTP/1.1" 304 -
